// Jest Snapshot v1, https://goo.gl/fbAQLP

exports[`PageMaker should render 1`] = `
<div>
  <div
    class="ant-ext-pm__container"
  >
    <div
      class="ant-ext-pm__page"
      data-editing="false"
      data-type="page"
    >
      <div
        class="ant-ext-pm__grid"
      >
        <div
          class="ant-ext-pm__item"
          data-expanded="false"
          data-hover="false"
          data-id="head-1"
          data-type="heading"
        >
          <div
            style="color: rgb(72, 126, 176); font-size: 18px;"
          >
            <div>
              Heading
            </div>
          </div>
        </div>
        <div
          class="ant-ext-pm__item"
          data-expanded="false"
          data-hover="false"
          data-id="div-1"
          data-type="divider"
        >
          <div
            class="ant-divider ant-divider-horizontal"
            role="separator"
            style="font-size: 13px;"
          />
        </div>
        <div
          class="ant-ext-pm__item"
          data-expanded="false"
          data-hover="false"
          data-id="row-2"
          data-type="row"
          style="height: 400px;"
        >
          <div
            class="ant-ext-pm__rowContainer"
          >
            <div
              class="ant-ext-pm__item"
              data-expanded="false"
              data-hover="false"
              data-id="col-2"
              data-type="col"
              style="grid-column-end: span 6; grid-auto-rows: auto;"
            >
              <div
                class="ant-ext-pm__item"
                data-expanded="false"
                data-hover="false"
                data-id="tile-2"
                data-type="tile"
              >
                <div
                  class="ant-ext-pm__tileHead"
                >
                  <span
                    style="color: rgb(34, 112, 147);"
                  >
                    <i
                      class="mdi mdi-chart-pie"
                    />
                  </span>
                  <label
                    style="color: rgb(34, 112, 147);"
                  >
                    Tile head
                  </label>
                  <div>
                    <button>
                      <span
                        aria-label="info-circle"
                        class="anticon anticon-info-circle"
                        role="img"
                      >
                        <svg
                          aria-hidden="true"
                          class=""
                          data-icon="info-circle"
                          fill="currentColor"
                          focusable="false"
                          height="1em"
                          viewBox="64 64 896 896"
                          width="1em"
                        >
                          <path
                            d="M512 64C264.6 64 64 264.6 64 512s200.6 448 448 448 448-200.6 448-448S759.4 64 512 64zm0 820c-205.4 0-372-166.6-372-372s166.6-372 372-372 372 166.6 372 372-166.6 372-372 372z"
                          />
                          <path
                            d="M464 336a48 48 0 1096 0 48 48 0 10-96 0zm72 112h-48c-4.4 0-8 3.6-8 8v272c0 4.4 3.6 8 8 8h48c4.4 0 8-3.6 8-8V456c0-4.4-3.6-8-8-8z"
                          />
                        </svg>
                      </span>
                    </button>
                    <button
                      class="ant-ext-pm__tileExpander"
                    >
                      <span
                        aria-label="fullscreen"
                        class="anticon anticon-fullscreen"
                        role="img"
                      >
                        <svg
                          aria-hidden="true"
                          class=""
                          data-icon="fullscreen"
                          fill="currentColor"
                          focusable="false"
                          height="1em"
                          viewBox="64 64 896 896"
                          width="1em"
                        >
                          <path
                            d="M290 236.4l43.9-43.9a8.01 8.01 0 00-4.7-13.6L169 160c-5.1-.6-9.5 3.7-8.9 8.9L179 329.1c.8 6.6 8.9 9.4 13.6 4.7l43.7-43.7L370 423.7c3.1 3.1 8.2 3.1 11.3 0l42.4-42.3c3.1-3.1 3.1-8.2 0-11.3L290 236.4zm352.7 187.3c3.1 3.1 8.2 3.1 11.3 0l133.7-133.6 43.7 43.7a8.01 8.01 0 0013.6-4.7L863.9 169c.6-5.1-3.7-9.5-8.9-8.9L694.8 179c-6.6.8-9.4 8.9-4.7 13.6l43.9 43.9L600.3 370a8.03 8.03 0 000 11.3l42.4 42.4zM845 694.9c-.8-6.6-8.9-9.4-13.6-4.7l-43.7 43.7L654 600.3a8.03 8.03 0 00-11.3 0l-42.4 42.3a8.03 8.03 0 000 11.3L734 787.6l-43.9 43.9a8.01 8.01 0 004.7 13.6L855 864c5.1.6 9.5-3.7 8.9-8.9L845 694.9zm-463.7-94.6a8.03 8.03 0 00-11.3 0L236.3 733.9l-43.7-43.7a8.01 8.01 0 00-13.6 4.7L160.1 855c-.6 5.1 3.7 9.5 8.9 8.9L329.2 845c6.6-.8 9.4-8.9 4.7-13.6L290 787.6 423.7 654c3.1-3.1 3.1-8.2 0-11.3l-42.4-42.4z"
                          />
                        </svg>
                      </span>
                    </button>
                  </div>
                </div>
                <div
                  class="ant-ext-pm__tileBody"
                >
                  <div />
                </div>
              </div>
            </div>
            <div
              class="ant-ext-pm__item"
              data-expanded="false"
              data-hover="false"
              data-id="col-3"
              data-type="col"
              style="grid-column-end: span 6; grid-auto-rows: max-content;"
            />
          </div>
        </div>
      </div>
    </div>
  </div>
</div>
`;
