// Jest Snapshot v1, https://goo.gl/fbAQLP

exports[`PageMaker should render 1`] = `
<div>
  <div />
</div>
`;
